ThinkPad@DESKTOP-RGFV008 MINGW64 ~
$ chmod 400 ".ssh/ec2-standby-kp.pem"

ThinkPad@DESKTOP-RGFV008 MINGW64 ~
$ ssh -i ".shsh/ec2-standby-kp.pem" ec2-user@ec2-35-93-203-196.us-west-2.compute.amazonaws.com
Warning: Identity file .shsh/ec2-standby-kp.pem not accessible: No such file or directory.
The authenticity of host 'ec2-35-93-203-196.us-west-2.compute.amazonaws.com (35.93.203.196)' can't be established.
ED25519 key fingerprint is SHA256:IaB8xUvxVT1dQ5q9JvxEP30u566EiJ41F3T/uozMPt4.
This key is not known by any other names.
Are you sure you want to continue connecting (yes/no/[fingerprint])? yes
Warning: Permanently added 'ec2-35-93-203-196.us-west-2.compute.amazonaws.com' (ED25519) to the list of known hosts.
ec2-user@ec2-35-93-203-196.us-west-2.compute.amazonaws.com: Permission denied (publickey,gssapi-keyex,gssapi-with-mic).

ThinkPad@DESKTOP-RGFV008 MINGW64 ~
$ ssh -i ".shsh/ec2-standby-kp.pem" ec2-user@ec2-35-93-203-196.us-west-2.compute.amazonaws.com
Warning: Identity file .shsh/ec2-standby-kp.pem not accessible: No such file or directory.
ec2-user@ec2-35-93-203-196.us-west-2.compute.amazonaws.com: Permission denied (publickey,gssapi-keyex,gssapi-with-mic).

ThinkPad@DESKTOP-RGFV008 MINGW64 ~
$ ssh -i ".ssh/ec2-standby-kp.pem" ec2-user@ec2-35-93-203-196.us-west-2.compute.amazonaws.com
   ,     #_
   ~\_  ####_        Amazon Linux 2
  ~~  \_#####\
  ~~     \###|       AL2 End of Life is 2025-06-30.
  ~~       \#/ ___
   ~~       V~' '->
    ~~~         /    A newer version of Amazon Linux is available!
      ~~._.   _/
         _/ _/       Amazon Linux 2023, GA and supported until 2028-03-15.
       _/m/'           https://aws.amazon.com/linux/amazon-linux-2023/

[ec2-user@ip-10-2-10-83 ~]$ yum install mysql -y
Loaded plugins: extras_suggestions, langpacks, priorities, update-motd
You need to be root to perform this command.
[ec2-user@ip-10-2-10-83 ~]$ sudo yum install mysql -y
Loaded plugins: extras_suggestions, langpacks, priorities, update-motd
amzn2-core                                                                                                                                                                                 | 3.6 kB  00:00:00
Resolving Dependencies
--> Running transaction check
---> Package mariadb.x86_64 1:5.5.68-1.amzn2.0.1 will be installed
--> Finished Dependency Resolution

Dependencies Resolved

==================================================================================================================================================================================================================
 Package                                        Arch                                          Version                                                     Repository                                         Size
==================================================================================================================================================================================================================
Installing:
 mariadb                                        x86_64                                        1:5.5.68-1.amzn2.0.1                                        amzn2-core                                        8.8 M

Transaction Summary
==================================================================================================================================================================================================================
Install  1 Package

Total download size: 8.8 M
Installed size: 49 M
Downloading packages:
mariadb-5.5.68-1.amzn2.0.1.x86_64.rpm                                                                                                                                                      | 8.8 MB  00:00:00
Running transaction check
Running transaction test
Transaction test succeeded
Running transaction
  Installing : 1:mariadb-5.5.68-1.amzn2.0.1.x86_64                                                                                                                                                            1/1
  Verifying  : 1:mariadb-5.5.68-1.amzn2.0.1.x86_64                                                                                                                                                            1/1

Installed:
  mariadb.x86_64 1:5.5.68-1.amzn2.0.1

Complete!
[ec2-user@ip-10-2-10-83 ~]$ mysql -h database-second.ck0xzr7x1hkg.us-west-2.rds.amazonaws.com -P 3306 -u admin -p
Enter password:
Welcome to the MariaDB monitor.  Commands end with ; or \g.
Your MySQL connection id is 68
Server version: 8.0.39 Source distribution

Copyright (c) 2000, 2018, Oracle, MariaDB Corporation Ab and others.

Type 'help;' or '\h' for help. Type '\c' to clear the current input statement.

MySQL [(none)]> show databases;
+--------------------+
| Database           |
+--------------------+
| information_schema |
| mysql              |
| performance_schema |
| sys                |
| udacity            |
+--------------------+
5 rows in set (0.00 sec)

MySQL [(none)]> use udacity;
Reading table information for completion of table and column names
You can turn off this feature to get a quicker startup with -A

Database changed
MySQL [udacity]> show tables;
+-------------------+
| Tables_in_udacity |
+-------------------+
| to_do             |
+-------------------+
1 row in set (0.00 sec)

MySQL [udacity]> select * from to_do;
+----------------------+-----------------+-------------+---------------------+
| name                 | owner           | status_code | created_at          |
+----------------------+-----------------+-------------+---------------------+
| Create table         | thangqn@fpt.com | I           | 2024-10-24 13:20:19 |
| Insert data to table | thangqn@fpt.com | I           | 2024-10-24 13:20:28 |
| Checking replicated  | thangqn@fpt.com | I           | 2024-10-24 13:20:37 |
+----------------------+-----------------+-------------+---------------------+
3 rows in set (0.00 sec)

MySQL [udacity]> insert into to_do VALUES('Checking insert to standby db', 'thangqn@fpt.com','I',CURRENT_TIMESTAMP());
ERROR 1290 (HY000): The MySQL server is running with the --read-only option so it cannot execute this statement
MySQL [udacity]>
