ThinkPad@DESKTOP-RGFV008 MINGW64 ~
$ ssh -i ".ssh/primary-kp.pem" ec2-user@ec2-54-163-197-205.compute-1.amazonaws.com
   ,     #_
   ~\_  ####_        Amazon Linux 2
  ~~  \_#####\
  ~~     \###|       AL2 End of Life is 2025-06-30.
  ~~       \#/ ___
   ~~       V~' '->
    ~~~         /    A newer version of Amazon Linux is available!
      ~~._.   _/
         _/ _/       Amazon Linux 2023, GA and supported until 2028-03-15.
       _/m/'           https://aws.amazon.com/linux/amazon-linux-2023/

[ec2-user@ip-10-1-10-137 ~]$ sudo yum install mysql -y
Loaded plugins: extras_suggestions, langpacks, priorities, update-motd
Resolving Dependencies
--> Running transaction check
---> Package mariadb.x86_64 1:5.5.68-1.amzn2.0.1 will be installed
--> Finished Dependency Resolution

Dependencies Resolved

==================================================================================================================================================================================================================
 Package                                        Arch                                          Version                                                     Repository                                         Size
==================================================================================================================================================================================================================
Installing:
 mariadb                                        x86_64                                        1:5.5.68-1.amzn2.0.1                                        amzn2-core                                        8.8 M

Transaction Summary
==================================================================================================================================================================================================================
Install  1 Package

Total download size: 8.8 M
Installed size: 49 M
Downloading packages:
mariadb-5.5.68-1.amzn2.0.1.x86_64.rpm                                                                                                                                                      | 8.8 MB  00:00:00
Running transaction check
Running transaction test
Transaction test succeeded
Running transaction
  Installing : 1:mariadb-5.5.68-1.amzn2.0.1.x86_64                                                                                                                                                            1/1
  Verifying  : 1:mariadb-5.5.68-1.amzn2.0.1.x86_64                                                                                                                                                            1/1

Installed:
  mariadb.x86_64 1:5.5.68-1.amzn2.0.1

Complete!
[ec2-user@ip-10-1-10-137 ~]$ mysql -h database-main.c5nngoafukvd.us-east-1.rds.amazonaws.com -P 3306 -u admin -p
Enter password:
Welcome to the MariaDB monitor.  Commands end with ; or \g.
Your MySQL connection id is 53
Server version: 8.0.39 Source distribution

Copyright (c) 2000, 2018, Oracle, MariaDB Corporation Ab and others.

Type 'help;' or '\h' for help. Type '\c' to clear the current input statement.

MySQL [(none)]> show databases;
+--------------------+
| Database           |
+--------------------+
| information_schema |
| mysql              |
| performance_schema |
| sys                |
| udacity            |
+--------------------+
5 rows in set (0.01 sec)

MySQL [(none)]> use udacity;
Database changed
MySQL [udacity]> create table to_do (name VARCHAR(20), owner VARCHAR(20),  status_code CHAR(1), created_at TIMESTAMP);
Query OK, 0 rows affected (0.12 sec)

MySQL [udacity]> insert into to_do VALUES('Create table', 'thangqn@fpt.com','I',CURRENT_TIMESTAMP());
Query OK, 1 row affected (0.01 sec)

MySQL [udacity]> insert into to_do VALUES('Insert data to table', 'thangqn@fpt.com','I',CURRENT_TIMESTAMP());
Query OK, 1 row affected (0.02 sec)

MySQL [udacity]> select * from to_do;
+----------------------+-----------------+-------------+---------------------+
| name                 | owner           | status_code | created_at          |
+----------------------+-----------------+-------------+---------------------+
| Create table         | thangqn@fpt.com | I           | 2024-10-26 04:49:58 |
| Insert data to table | thangqn@fpt.com | I           | 2024-10-26 04:50:08 |
+----------------------+-----------------+-------------+---------------------+
2 rows in set (0.00 sec)

MySQL [udacity]> exit
Bye
[ec2-user@ip-10-1-10-137 ~]$ exit
logout
Connection to ec2-54-163-197-205.compute-1.amazonaws.com closed.

ThinkPad@DESKTOP-RGFV008 MINGW64 ~
$ chmod 400 ".ssh/secondary-kp.pem"

ThinkPad@DESKTOP-RGFV008 MINGW64 ~
$ ssh -i ".ssh/secondary-kp.pem" ec2-user@ec2-35-94-67-53.us-west-2.compute.amazonaws.com
The authenticity of host 'ec2-35-94-67-53.us-west-2.compute.amazonaws.com (35.94.67.53)' can't be established.
ED25519 key fingerprint is SHA256:zoKpX/BGaQfjrVhcpKLu9EDcQf50uKcmFTauIpATyAU.
This key is not known by any other names.
Are you sure you want to continue connecting (yes/no/[fingerprint])? yes
Warning: Permanently added 'ec2-35-94-67-53.us-west-2.compute.amazonaws.com' (ED25519) to the list of known hosts.
   ,     #_
   ~\_  ####_        Amazon Linux 2
  ~~  \_#####\
  ~~     \###|       AL2 End of Life is 2025-06-30.
  ~~       \#/ ___
   ~~       V~' '->
    ~~~         /    A newer version of Amazon Linux is available!
      ~~._.   _/
         _/ _/       Amazon Linux 2023, GA and supported until 2028-03-15.
       _/m/'           https://aws.amazon.com/linux/amazon-linux-2023/

[ec2-user@ip-10-2-11-11 ~]$ sudoyum  install mysql -y
-bash: sudoyum: command not found
[ec2-user@ip-10-2-11-11 ~]$ sudo yum  install mysql -y
Loaded plugins: extras_suggestions, langpacks, priorities, update-motd
Resolving Dependencies
--> Running transaction check
---> Package mariadb.x86_64 1:5.5.68-1.amzn2.0.1 will be installed
--> Finished Dependency Resolution

Dependencies Resolved

==================================================================================================================================================================================================================
 Package                                        Arch                                          Version                                                     Repository                                         Size
==================================================================================================================================================================================================================
Installing:
 mariadb                                        x86_64                                        1:5.5.68-1.amzn2.0.1                                        amzn2-core                                        8.8 M

Transaction Summary
==================================================================================================================================================================================================================
Install  1 Package

Total download size: 8.8 M
Installed size: 49 M
Downloading packages:
mariadb-5.5.68-1.amzn2.0.1.x86_64.rpm                                                                                                                                                      | 8.8 MB  00:00:00
Running transaction check
Running transaction test
Transaction test succeeded
Running transaction
  Installing : 1:mariadb-5.5.68-1.amzn2.0.1.x86_64                                                                                                                                                            1/1
  Verifying  : 1:mariadb-5.5.68-1.amzn2.0.1.x86_64                                                                                                                                                            1/1

Installed:
  mariadb.x86_64 1:5.5.68-1.amzn2.0.1

Complete!
[ec2-user@ip-10-2-11-11 ~]$ mysql -h database-second.crkcnizehhsx.us-west-2.rds.amazonaws.com -P 3306 -u admin -p
Enter password:
ERROR 1045 (28000): Access denied for user 'admin'@'10.2.11.11' (using password: NO)
[ec2-user@ip-10-2-11-11 ~]$ mysql -h database-second.crkcnizehhsx.us-west-2.rds.amazonaws.com -P 3306 -u admin -p
Enter password:
Welcome to the MariaDB monitor.  Commands end with ; or \g.
Your MySQL connection id is 35
Server version: 8.0.39 Source distribution

Copyright (c) 2000, 2018, Oracle, MariaDB Corporation Ab and others.

Type 'help;' or '\h' for help. Type '\c' to clear the current input statement.

MySQL [(none)]> show databases;
+--------------------+
| Database           |
+--------------------+
| information_schema |
| mysql              |
| performance_schema |
| sys                |
| udacity            |
+--------------------+
5 rows in set (0.01 sec)

MySQL [(none)]> use udacity;
Reading table information for completion of table and column names
You can turn off this feature to get a quicker startup with -A

Database changed
MySQL [udacity]> show tables;
+-------------------+
| Tables_in_udacity |
+-------------------+
| to_do             |
+-------------------+
1 row in set (0.00 sec)

MySQL [udacity]> insert into to_do VALUES('Checking replicated', 'thangqn@fpt.com','I',CURRENT_TIMESTAMP());
ERROR 1290 (HY000): The MySQL server is running with the --read-only option so it cannot execute this statement
MySQL [udacity]>
